Archive member included to satisfy reference by file (symbol)

d:/st/stm32cubeide_1.3.0/stm32cubeide/plugins/com.st.stm32cube.ide.mcu.externaltools.gnu-tools-for-stm32.7-2018-q2-update.win32_1.0.0.201904181610/tools/bin/../lib/gcc/arm-none-eabi/7.3.1/../../../../arm-none-eabi/lib/thumb/v6-m\libc_nano.a(lib_a-abs.o)
                              Core/Src/control.o (abs)
d:/st/stm32cubeide_1.3.0/stm32cubeide/plugins/com.st.stm32cube.ide.mcu.externaltools.gnu-tools-for-stm32.7-2018-q2-update.win32_1.0.0.201904181610/tools/bin/../lib/gcc/arm-none-eabi/7.3.1/../../../../arm-none-eabi/lib/thumb/v6-m\libc_nano.a(lib_a-errno.o)
                              Core/Src/syscalls.o (__errno)
d:/st/stm32cubeide_1.3.0/stm32cubeide/plugins/com.st.stm32cube.ide.mcu.externaltools.gnu-tools-for-stm32.7-2018-q2-update.win32_1.0.0.201904181610/tools/bin/../lib/gcc/arm-none-eabi/7.3.1/../../../../arm-none-eabi/lib/thumb/v6-m\libc_nano.a(lib_a-exit.o)
                              d:/st/stm32cubeide_1.3.0/stm32cubeide/plugins/com.st.stm32cube.ide.mcu.externaltools.gnu-tools-for-stm32.7-2018-q2-update.win32_1.0.0.201904181610/tools/bin/../lib/gcc/arm-none-eabi/7.3.1/../../../../arm-none-eabi/lib/thumb/v6-m/crt0.o (exit)
d:/st/stm32cubeide_1.3.0/stm32cubeide/plugins/com.st.stm32cube.ide.mcu.externaltools.gnu-tools-for-stm32.7-2018-q2-update.win32_1.0.0.201904181610/tools/bin/../lib/gcc/arm-none-eabi/7.3.1/../../../../arm-none-eabi/lib/thumb/v6-m\libc_nano.a(lib_a-impure.o)
                              d:/st/stm32cubeide_1.3.0/stm32cubeide/plugins/com.st.stm32cube.ide.mcu.externaltools.gnu-tools-for-stm32.7-2018-q2-update.win32_1.0.0.201904181610/tools/bin/../lib/gcc/arm-none-eabi/7.3.1/../../../../arm-none-eabi/lib/thumb/v6-m\libc_nano.a(lib_a-exit.o) (_global_impure_ptr)
d:/st/stm32cubeide_1.3.0/stm32cubeide/plugins/com.st.stm32cube.ide.mcu.externaltools.gnu-tools-for-stm32.7-2018-q2-update.win32_1.0.0.201904181610/tools/bin/../lib/gcc/arm-none-eabi/7.3.1/../../../../arm-none-eabi/lib/thumb/v6-m\libc_nano.a(lib_a-init.o)
                              d:/st/stm32cubeide_1.3.0/stm32cubeide/plugins/com.st.stm32cube.ide.mcu.externaltools.gnu-tools-for-stm32.7-2018-q2-update.win32_1.0.0.201904181610/tools/bin/../lib/gcc/arm-none-eabi/7.3.1/../../../../arm-none-eabi/lib/thumb/v6-m/crt0.o (__libc_init_array)
d:/st/stm32cubeide_1.3.0/stm32cubeide/plugins/com.st.stm32cube.ide.mcu.externaltools.gnu-tools-for-stm32.7-2018-q2-update.win32_1.0.0.201904181610/tools/bin/../lib/gcc/arm-none-eabi/7.3.1/../../../../arm-none-eabi/lib/thumb/v6-m\libc_nano.a(lib_a-memcpy-stub.o)
                              Middlewares/Third_Party/FreeRTOS/Source/queue.o (memcpy)
d:/st/stm32cubeide_1.3.0/stm32cubeide/plugins/com.st.stm32cube.ide.mcu.externaltools.gnu-tools-for-stm32.7-2018-q2-update.win32_1.0.0.201904181610/tools/bin/../lib/gcc/arm-none-eabi/7.3.1/../../../../arm-none-eabi/lib/thumb/v6-m\libc_nano.a(lib_a-memset.o)
                              d:/st/stm32cubeide_1.3.0/stm32cubeide/plugins/com.st.stm32cube.ide.mcu.externaltools.gnu-tools-for-stm32.7-2018-q2-update.win32_1.0.0.201904181610/tools/bin/../lib/gcc/arm-none-eabi/7.3.1/../../../../arm-none-eabi/lib/thumb/v6-m/crt0.o (memset)
d:/st/stm32cubeide_1.3.0/stm32cubeide/plugins/com.st.stm32cube.ide.mcu.externaltools.gnu-tools-for-stm32.7-2018-q2-update.win32_1.0.0.201904181610/tools/bin/../lib/gcc/arm-none-eabi/7.3.1/../../../../arm-none-eabi/lib/thumb/v6-m\libm.a(lib_a-s_cos.o)
                              Core/Src/control.o (cos)
d:/st/stm32cubeide_1.3.0/stm32cubeide/plugins/com.st.stm32cube.ide.mcu.externaltools.gnu-tools-for-stm32.7-2018-q2-update.win32_1.0.0.201904181610/tools/bin/../lib/gcc/arm-none-eabi/7.3.1/../../../../arm-none-eabi/lib/thumb/v6-m\libm.a(lib_a-s_sin.o)
                              Core/Src/control.o (sin)
d:/st/stm32cubeide_1.3.0/stm32cubeide/plugins/com.st.stm32cube.ide.mcu.externaltools.gnu-tools-for-stm32.7-2018-q2-update.win32_1.0.0.201904181610/tools/bin/../lib/gcc/arm-none-eabi/7.3.1/../../../../arm-none-eabi/lib/thumb/v6-m\libm.a(lib_a-e_rem_pio2.o)
                              d:/st/stm32cubeide_1.3.0/stm32cubeide/plugins/com.st.stm32cube.ide.mcu.externaltools.gnu-tools-for-stm32.7-2018-q2-update.win32_1.0.0.201904181610/tools/bin/../lib/gcc/arm-none-eabi/7.3.1/../../../../arm-none-eabi/lib/thumb/v6-m\libm.a(lib_a-s_cos.o) (__ieee754_rem_pio2)
d:/st/stm32cubeide_1.3.0/stm32cubeide/plugins/com.st.stm32cube.ide.mcu.externaltools.gnu-tools-for-stm32.7-2018-q2-update.win32_1.0.0.201904181610/tools/bin/../lib/gcc/arm-none-eabi/7.3.1/../../../../arm-none-eabi/lib/thumb/v6-m\libm.a(lib_a-k_cos.o)
                              d:/st/stm32cubeide_1.3.0/stm32cubeide/plugins/com.st.stm32cube.ide.mcu.externaltools.gnu-tools-for-stm32.7-2018-q2-update.win32_1.0.0.201904181610/tools/bin/../lib/gcc/arm-none-eabi/7.3.1/../../../../arm-none-eabi/lib/thumb/v6-m\libm.a(lib_a-s_cos.o) (__kernel_cos)
[...]
Memory Configuration

Name             Origin             Length             Attributes
RAM              0x0000000020000000 0x0000000000001800 xrw
FLASH            0x0000000008000000 0x0000000000008000 xr
*default*        0x0000000000000000 0xffffffffffffffff

Linker script and memory map

LOAD d:/st/stm32cubeide_1.3.0/stm32cubeide/plugins/com.st.stm32cube.ide.mcu.externaltools.gnu-tools-for-stm32.7-2018-q2-update.win32_1.0.0.201904181610/tools/bin/../lib/gcc/arm-none-eabi/7.3.1/thumb/v6-m/crti.o
LOAD d:/st/stm32cubeide_1.3.0/stm32cubeide/plugins/com.st.stm32cube.ide.mcu.externaltools.gnu-tools-for-stm32.7-2018-q2-update.win32_1.0.0.201904181610/tools/bin/../lib/gcc/arm-none-eabi/7.3.1/thumb/v6-m/crtbegin.o
LOAD d:/st/stm32cubeide_1.3.0/stm32cubeide/plugins/com.st.stm32cube.ide.mcu.externaltools.gnu-tools-for-stm32.7-2018-q2-update.win32_1.0.0.201904181610/tools/bin/../lib/gcc/arm-none-eabi/7.3.1/../../../../arm-none-eabi/lib/thumb/v6-m/crt0.o
LOAD Core/Src/adc.o
LOAD Core/Src/can.o
LOAD Core/Src/control.o
LOAD Core/Src/dma.o
LOAD Core/Src/freertos.o
LOAD Core/Src/gpio.o
LOAD Core/Src/main.o
LOAD Core/Src/stm32f0xx_hal_msp.o
LOAD Core/Src/stm32f0xx_hal_timebase_tim.o
LOAD Core/Src/stm32f0xx_it.o
LOAD Core/Src/syscalls.o
LOAD Core/Src/sysmem.o
LOAD Core/Src/system_stm32f0xx.o
LOAD Core/Src/tim.o
LOAD Core/Startup/startup_stm32f042k6tx.o
LOAD Drivers/STM32F0xx_HAL_Driver/Src/stm32f0xx_hal.o
LOAD Drivers/STM32F0xx_HAL_Driver/Src/stm32f0xx_hal_adc.o
LOAD Drivers/STM32F0xx_HAL_Driver/Src/stm32f0xx_hal_adc_ex.o
LOAD Drivers/STM32F0xx_HAL_Driver/Src/stm32f0xx_hal_can.o
LOAD Drivers/STM32F0xx_HAL_Driver/Src/stm32f0xx_hal_cortex.o
LOAD Drivers/STM32F0xx_HAL_Driver/Src/stm32f0xx_hal_dma.o
LOAD Drivers/STM32F0xx_HAL_Driver/Src/stm32f0xx_hal_exti.o
LOAD Drivers/STM32F0xx_HAL_Driver/Src/stm32f0xx_hal_flash.o
LOAD Drivers/STM32F0xx_HAL_Driver/Src/stm32f0xx_hal_flash_ex.o
LOAD Drivers/STM32F0xx_HAL_Driver/Src/stm32f0xx_hal_gpio.o
LOAD Drivers/STM32F0xx_HAL_Driver/Src/stm32f0xx_hal_i2c.o
LOAD Drivers/STM32F0xx_HAL_Driver/Src/stm32f0xx_hal_i2c_ex.o
LOAD Drivers/STM32F0xx_HAL_Driver/Src/stm32f0xx_hal_pwr.o
LOAD Drivers/STM32F0xx_HAL_Driver/Src/stm32f0xx_hal_pwr_ex.o
LOAD Drivers/STM32F0xx_HAL_Driver/Src/stm32f0xx_hal_rcc.o
LOAD Drivers/STM32F0xx_HAL_Driver/Src/stm32f0xx_hal_rcc_ex.o
LOAD Drivers/STM32F0xx_HAL_Driver/Src/stm32f0xx_hal_tim.o
LOAD Drivers/STM32F0xx_HAL_Driver/Src/stm32f0xx_hal_tim_ex.o
LOAD Middlewares/Third_Party/FreeRTOS/Source/CMSIS_RTOS/cmsis_os.o
LOAD Middlewares/Third_Party/FreeRTOS/Source/croutine.o
LOAD Middlewares/Third_Party/FreeRTOS/Source/event_groups.o
LOAD Middlewares/Third_Party/FreeRTOS/Source/list.o
LOAD Middlewares/Third_Party/FreeRTOS/Source/queue.o
LOAD Middlewares/Third_Party/FreeRTOS/Source/stream_buffer.o
LOAD Middlewares/Third_Party/FreeRTOS/Source/tasks.o
LOAD Middlewares/Third_Party/FreeRTOS/Source/timers.o
LOAD Middlewares/Third_Party/FreeRTOS/Source/portable/GCC/ARM_CM0/port.o
START GROUP
LOAD d:/st/stm32cubeide_1.3.0/stm32cubeide/plugins/com.st.stm32cube.ide.mcu.externaltools.gnu-tools-for-stm32.7-2018-q2-update.win32_1.0.0.201904181610/tools/bin/../lib/gcc/arm-none-eabi/7.3.1/../../../../arm-none-eabi/lib/thumb/v6-m\libc_nano.a
LOAD d:/st/stm32cubeide_1.3.0/stm32cubeide/plugins/com.st.stm32cube.ide.mcu.externaltools.gnu-tools-for-stm32.7-2018-q2-update.win32_1.0.0.201904181610/tools/bin/../lib/gcc/arm-none-eabi/7.3.1/../../../../arm-none-eabi/lib/thumb/v6-m\libm.a
END GROUP
START GROUP
LOAD d:/st/stm32cubeide_1.3.0/stm32cubeide/plugins/com.st.stm32cube.ide.mcu.externaltools.gnu-tools-for-stm32.7-2018-q2-update.win32_1.0.0.201904181610/tools/bin/../lib/gcc/arm-none-eabi/7.3.1/thumb/v6-m\libgcc.a
LOAD d:/st/stm32cubeide_1.3.0/stm32cubeide/plugins/com.st.stm32cube.ide.mcu.externaltools.gnu-tools-for-stm32.7-2018-q2-update.win32_1.0.0.201904181610/tools/bin/../lib/gcc/arm-none-eabi/7.3.1/../../../../arm-none-eabi/lib/thumb/v6-m\libc_nano.a
END GROUP
START GROUP
LOAD d:/st/stm32cubeide_1.3.0/stm32cubeide/plugins/com.st.stm32cube.ide.mcu.externaltools.gnu-tools-for-stm32.7-2018-q2-update.win32_1.0.0.201904181610/tools/bin/../lib/gcc/arm-none-eabi/7.3.1/thumb/v6-m\libgcc.a
LOAD d:/st/stm32cubeide_1.3.0/stm32cubeide/plugins/com.st.stm32cube.ide.mcu.externaltools.gnu-tools-for-stm32.7-2018-q2-update.win32_1.0.0.201904181610/tools/bin/../lib/gcc/arm-none-eabi/7.3.1/../../../../arm-none-eabi/lib/thumb/v6-m\libc_nano.a
LOAD d:/st/stm32cubeide_1.3.0/stm32cubeide/plugins/com.st.stm32cube.ide.mcu.externaltools.gnu-tools-for-stm32.7-2018-q2-update.win32_1.0.0.201904181610/tools/bin/../lib/gcc/arm-none-eabi/7.3.1/../../../../arm-none-eabi/lib/thumb/v6-m\libnosys.a
END GROUP
START GROUP
LOAD d:/st/stm32cubeide_1.3.0/stm32cubeide/plugins/com.st.stm32cube.ide.mcu.externaltools.gnu-tools-for-stm32.7-2018-q2-update.win32_1.0.0.201904181610/tools/bin/../lib/gcc/arm-none-eabi/7.3.1/thumb/v6-m\libgcc.a
LOAD d:/st/stm32cubeide_1.3.0/stm32cubeide/plugins/com.st.stm32cube.ide.mcu.externaltools.gnu-tools-for-stm32.7-2018-q2-update.win32_1.0.0.201904181610/tools/bin/../lib/gcc/arm-none-eabi/7.3.1/../../../../arm-none-eabi/lib/thumb/v6-m\libc_nano.a
LOAD d:/st/stm32cubeide_1.3.0/stm32cubeide/plugins/com.st.stm32cube.ide.mcu.externaltools.gnu-tools-for-stm32.7-2018-q2-update.win32_1.0.0.201904181610/tools/bin/../lib/gcc/arm-none-eabi/7.3.1/../../../../arm-none-eabi/lib/thumb/v6-m\libnosys.a
END GROUP
LOAD d:/st/stm32cubeide_1.3.0/stm32cubeide/plugins/com.st.stm32cube.ide.mcu.externaltools.gnu-tools-for-stm32.7-2018-q2-update.win32_1.0.0.201904181610/tools/bin/../lib/gcc/arm-none-eabi/7.3.1/thumb/v6-m/crtend.o
LOAD d:/st/stm32cubeide_1.3.0/stm32cubeide/plugins/com.st.stm32cube.ide.mcu.externaltools.gnu-tools-for-stm32.7-2018-q2-update.win32_1.0.0.201904181610/tools/bin/../lib/gcc/arm-none-eabi/7.3.1/thumb/v6-m/crtn.o
                0x0000000020001800                _estack = (ORIGIN (RAM) + LENGTH (RAM))
                0x0000000000000200                _Min_Heap_Size = 0x200
                0x0000000000000400                _Min_Stack_Size = 0x400

.isr_vector     0x0000000008000000       0xc0
                0x0000000008000000                . = ALIGN (0x4)
 *(.isr_vector)
 .isr_vector    0x0000000008000000       0xc0 Core/Startup/startup_stm32f042k6tx.o
                0x0000000008000000                g_pfnVectors
                0x00000000080000c0                . = ALIGN (0x4)

.text           0x00000000080000c0     0x4064
                0x00000000080000c0                . = ALIGN (0x4)
 *(.text)
 .text          0x00000000080000c0       0x48 d:/st/stm32cubeide_1.3.0/stm32cubeide/plugins/com.st.stm32cube.ide.mcu.externaltools.gnu-tools-for-stm32.7-2018-q2-update.win32_1.0.0.201904181610/tools/bin/../lib/gcc/arm-none-eabi/7.3.1/thumb/v6-m/crtbegin.o
 .text          0x0000000008000108      0x114 d:/st/stm32cubeide_1.3.0/stm32cubeide/plugins/com.st.stm32cube.ide.mcu.externaltools.gnu-tools-for-stm32.7-2018-q2-update.win32_1.0.0.201904181610/tools/bin/../lib/gcc/arm-none-eabi/7.3.1/thumb/v6-m\libgcc.a(_udivsi3.o)
                0x0000000008000108                __aeabi_uidiv
                0x0000000008000108                __udivsi3
                0x0000000008000214                __aeabi_uidivmod
 .text          0x000000000800021c        0x4 d:/st/stm32cubeide_1.3.0/stm32cubeide/plugins/com.st.stm32cube.ide.mcu.externaltools.gnu-tools-for-stm32.7-2018-q2-update.win32_1.0.0.201904181610/tools/bin/../lib/gcc/arm-none-eabi/7.3.1/thumb/v6-m\libgcc.a(_dvmd_tls.o)
                0x000000000800021c                __aeabi_idiv0
                0x000000000800021c                __aeabi_ldiv0
 *(.text*)
 .text.MX_ADC_Init
                0x0000000008000220       0xec Core/Src/adc.o
                0x0000000008000220                MX_ADC_Init
 .text.HAL_ADC_MspInit
                0x000000000800030c       0xe4 Core/Src/adc.o
                0x000000000800030c                HAL_ADC_MspInit
 .text.MX_CAN_Init
                0x00000000080003f0       0x70 Core/Src/can.o
                0x00000000080003f0                MX_CAN_Init
 .text.HAL_CAN_MspInit
                0x0000000008000460       0x9c Core/Src/can.o
                0x0000000008000460                HAL_CAN_MspInit
 .text.MX_DMA_Init
                0x00000000080004fc       0x3c Core/Src/dma.o
                0x00000000080004fc                MX_DMA_Init
 .text.vApplicationGetIdleTaskMemory
                0x0000000008000538       0x30 Core/Src/freertos.o
                0x0000000008000538                vApplicationGetIdleTaskMemory
 .text.MX_FREERTOS_Init
                0x0000000008000568       0x60 Core/Src/freertos.o
                0x0000000008000568                MX_FREERTOS_Init
 .text.StartDefaultTask
                0x00000000080005c8       0x1e Core/Src/freertos.o
                0x00000000080005c8                StartDefaultTask
 .text.StartControl
                0x00000000080005e6       0x22 Core/Src/freertos.o
                0x00000000080005e6                StartControl
 .text.MX_GPIO_Init
                0x0000000008000608       0xf0 Core/Src/gpio.o
                0x0000000008000608                MX_GPIO_Init
 .text.main     0x00000000080006f8       0x2e Core/Src/main.o
                0x00000000080006f8                main
 .text.SystemClock_Config
                0x0000000008000726       0xa2 Core/Src/main.o
                0x0000000008000726                SystemClock_Config
 .text.HAL_TIM_PeriodElapsedCallback
                0x00000000080007c8       0x24 Core/Src/main.o
                0x00000000080007c8                HAL_TIM_PeriodElapsedCallback
 .text.Error_Handler
                0x00000000080007ec        0xa Core/Src/main.o
                0x00000000080007ec                Error_Handler
 *fill*         0x00000000080007f6        0x2 
 .text.HAL_MspInit
                0x00000000080007f8       0x54 Core/Src/stm32f0xx_hal_msp.o
                0x00000000080007f8                HAL_MspInit
 .text.HAL_InitTick
                0x000000000800084c       0xbc Core/Src/stm32f0xx_hal_timebase_tim.o
                0x000000000800084c                HAL_InitTick
 .text.NMI_Handler
                0x0000000008000908        0xa Core/Src/stm32f0xx_it.o
                0x0000000008000908                NMI_Handler
 .text.HardFault_Handler
                0x0000000008000912        0x6 Core/Src/stm32f0xx_it.o
                0x0000000008000912                HardFault_Handler
 .text.DMA1_Channel1_IRQHandler
                0x0000000008000918       0x18 Core/Src/stm32f0xx_it.o
                0x0000000008000918                DMA1_Channel1_IRQHandler
 .text.TIM3_IRQHandler
                0x0000000008000930       0x18 Core/Src/stm32f0xx_it.o
                0x0000000008000930                TIM3_IRQHandler
 .text.TIM17_IRQHandler
                0x0000000008000948       0x18 Core/Src/stm32f0xx_it.o
                0x0000000008000948                TIM17_IRQHandler
 .text.SystemInit
                0x0000000008000960        0xa Core/Src/system_stm32f0xx.o
                0x0000000008000960                SystemInit
 *fill*         0x000000000800096a        0x2 
 .text.MX_TIM2_Init
                0x000000000800096c       0xa8 Core/Src/tim.o
                0x000000000800096c                MX_TIM2_Init
 .text.MX_TIM3_Init
                0x0000000008000a14      0x114 Core/Src/tim.o
                0x0000000008000a14                MX_TIM3_Init
 .text.HAL_TIM_Encoder_MspInit
                0x0000000008000b28       0x94 Core/Src/tim.o
                0x0000000008000b28                HAL_TIM_Encoder_MspInit
 .text.HAL_TIM_Base_MspInit
                0x0000000008000bbc       0x4c Core/Src/tim.o
                0x0000000008000bbc                HAL_TIM_Base_MspInit
 .text.HAL_TIM_MspPostInit
                0x0000000008000c08       0xc8 Core/Src/tim.o
                0x0000000008000c08                HAL_TIM_MspPostInit
 .text.Enc_Start
                0x0000000008000cd0       0x24 Core/Src/tim.o
                0x0000000008000cd0                Enc_Start
 .text.Reset_Handler
                0x0000000008000cf4       0x80 Core/Startup/startup_stm32f042k6tx.o
                0x0000000008000cf4                Reset_Handler
 .text.Default_Handler
                0x0000000008000d74        0x2 Core/Startup/startup_stm32f042k6tx.o
                0x0000000008000d74                TIM1_CC_IRQHandler
                0x0000000008000d74                TSC_IRQHandler
                0x0000000008000d74                I2C1_IRQHandler
                0x0000000008000d74                RCC_CRS_IRQHandler
                0x0000000008000d74                SPI1_IRQHandler
                0x0000000008000d74                EXTI2_3_IRQHandler
                0x0000000008000d74                ADC1_IRQHandler
                0x0000000008000d74                CEC_CAN_IRQHandler
                0x0000000008000d74                RTC_IRQHandler
                0x0000000008000d74                PVD_VDDIO2_IRQHandler
                0x0000000008000d74                TIM16_IRQHandler
                0x0000000008000d74                EXTI4_15_IRQHandler
                0x0000000008000d74                Default_Handler
                0x0000000008000d74                TIM14_IRQHandler
                0x0000000008000d74                DMA1_Channel4_5_IRQHandler
                0x0000000008000d74                EXTI0_1_IRQHandler
                0x0000000008000d74                USB_IRQHandler
                0x0000000008000d74                SPI2_IRQHandler
                0x0000000008000d74                WWDG_IRQHandler
                0x0000000008000d74                TIM2_IRQHandler
                0x0000000008000d74                DMA1_Channel2_3_IRQHandler
                0x0000000008000d74                USART2_IRQHandler
                0x0000000008000d74                FLASH_IRQHandler
                0x0000000008000d74                USART1_IRQHandler
                0x0000000008000d74                TIM1_BRK_UP_TRG_COM_IRQHandler
 *fill*         0x0000000008000d76        0x2 
 .text.HAL_Init
                0x0000000008000d78       0x28 Drivers/STM32F0xx_HAL_Driver/Src/stm32f0xx_hal.o
                0x0000000008000d78                HAL_Init
 .text.HAL_IncTick
                0x0000000008000da0       0x24 Drivers/STM32F0xx_HAL_Driver/Src/stm32f0xx_hal.o
                0x0000000008000da0                HAL_IncTick
 .text.HAL_GetTick
                0x0000000008000dc4       0x14 Drivers/STM32F0xx_HAL_Driver/Src/stm32f0xx_hal.o
                0x0000000008000dc4                HAL_GetTick
 .text.HAL_ADC_Init
                0x0000000008000dd8      0x280 Drivers/STM32F0xx_HAL_Driver/Src/stm32f0xx_hal_adc.o
                0x0000000008000dd8                HAL_ADC_Init
 .text.HAL_ADC_ConfigChannel
                0x0000000008001058      0x21c Drivers/STM32F0xx_HAL_Driver/Src/stm32f0xx_hal_adc.o
                0x0000000008001058                HAL_ADC_ConfigChannel
 .text.HAL_CAN_Init
                0x0000000008001274      0x1fc Drivers/STM32F0xx_HAL_Driver/Src/stm32f0xx_hal_can.o
                0x0000000008001274                HAL_CAN_Init
 .text.__NVIC_EnableIRQ
                0x0000000008001470       0x34 Drivers/STM32F0xx_HAL_Driver/Src/stm32f0xx_hal_cortex.o
 .text.__NVIC_SetPriority
                0x00000000080014a4       0xdc Drivers/STM32F0xx_HAL_Driver/Src/stm32f0xx_hal_cortex.o
 .text.HAL_NVIC_SetPriority
                0x0000000008001580       0x2a Drivers/STM32F0xx_HAL_Driver/Src/stm32f0xx_hal_cortex.o
                0x0000000008001580                HAL_NVIC_SetPriority
 .text.HAL_NVIC_EnableIRQ
                0x00000000080015aa       0x20 Drivers/STM32F0xx_HAL_Driver/Src/stm32f0xx_hal_cortex.o
                0x00000000080015aa                HAL_NVIC_EnableIRQ
 *fill*         0x00000000080015ca        0x2 
 .text.HAL_DMA_Init
                0x00000000080015cc       0x90 Drivers/STM32F0xx_HAL_Driver/Src/stm32f0xx_hal_dma.o
                0x00000000080015cc                HAL_DMA_Init
 .text.HAL_DMA_IRQHandler
                0x000000000800165c      0x144 Drivers/STM32F0xx_HAL_Driver/Src/stm32f0xx_hal_dma.o
                0x000000000800165c                HAL_DMA_IRQHandler
 .text.DMA_CalcBaseAndBitshift
                0x00000000080017a0       0x38 Drivers/STM32F0xx_HAL_Driver/Src/stm32f0xx_hal_dma.o
 .text.HAL_GPIO_Init
                0x00000000080017d8      0x2d0 Drivers/STM32F0xx_HAL_Driver/Src/stm32f0xx_hal_gpio.o
                0x00000000080017d8                HAL_GPIO_Init
 .text.HAL_GPIO_WritePin
                0x0000000008001aa8       0x3a Drivers/STM32F0xx_HAL_Driver/Src/stm32f0xx_hal_gpio.o
                0x0000000008001aa8                HAL_GPIO_WritePin
 *fill*         0x0000000008001ae2        0x2 
 .text.HAL_RCC_OscConfig
                0x0000000008001ae4      0x70c Drivers/STM32F0xx_HAL_Driver/Src/stm32f0xx_hal_rcc.o
                0x0000000008001ae4                HAL_RCC_OscConfig
 .text.HAL_RCC_ClockConfig
                0x00000000080021f0      0x1b4 Drivers/STM32F0xx_HAL_Driver/Src/stm32f0xx_hal_rcc.o
                0x00000000080021f0                HAL_RCC_ClockConfig
 .text.HAL_RCC_GetSysClockFreq
                0x00000000080023a4       0xfc Drivers/STM32F0xx_HAL_Driver/Src/stm32f0xx_hal_rcc.o
                0x00000000080023a4                HAL_RCC_GetSysClockFreq
 .text.HAL_RCC_GetHCLKFreq
                0x00000000080024a0       0x14 Drivers/STM32F0xx_HAL_Driver/Src/stm32f0xx_hal_rcc.o
                0x00000000080024a0                HAL_RCC_GetHCLKFreq
 .text.HAL_RCC_GetPCLK1Freq
                0x00000000080024b4       0x2c Drivers/STM32F0xx_HAL_Driver/Src/stm32f0xx_hal_rcc.o
                0x00000000080024b4                HAL_RCC_GetPCLK1Freq
 .text.HAL_RCC_GetClockConfig
                0x00000000080024e0       0x54 Drivers/STM32F0xx_HAL_Driver/Src/stm32f0xx_hal_rcc.o
                0x00000000080024e0                HAL_RCC_GetClockConfig
 .text.HAL_TIM_Base_Init
                0x0000000008002534       0x58 Drivers/STM32F0xx_HAL_Driver/Src/stm32f0xx_hal_tim.o
                0x0000000008002534                HAL_TIM_Base_Init
 .text.HAL_TIM_Base_Start_IT
                0x000000000800258c       0x44 Drivers/STM32F0xx_HAL_Driver/Src/stm32f0xx_hal_tim.o
                0x000000000800258c                HAL_TIM_Base_Start_IT
 .text.HAL_TIM_PWM_Init
                0x00000000080025d0       0x58 Drivers/STM32F0xx_HAL_Driver/Src/stm32f0xx_hal_tim.o
                0x00000000080025d0                HAL_TIM_PWM_Init
 .text.HAL_TIM_PWM_MspInit
                0x0000000008002628       0x10 Drivers/STM32F0xx_HAL_Driver/Src/stm32f0xx_hal_tim.o
                0x0000000008002628                HAL_TIM_PWM_MspInit
 .text.HAL_TIM_Encoder_Init
                0x0000000008002638      0x128 Drivers/STM32F0xx_HAL_Driver/Src/stm32f0xx_hal_tim.o
                0x0000000008002638                HAL_TIM_Encoder_Init
 .text.HAL_TIM_Encoder_Start
                0x0000000008002760       0x6e Drivers/STM32F0xx_HAL_Driver/Src/stm32f0xx_hal_tim.o
                0x0000000008002760                HAL_TIM_Encoder_Start
 .text.HAL_TIM_IRQHandler
                0x00000000080027ce      0x22c Drivers/STM32F0xx_HAL_Driver/Src/stm32f0xx_hal_tim.o
                0x00000000080027ce                HAL_TIM_IRQHandler
 *fill*         0x00000000080029fa        0x2 
 .text.HAL_TIM_PWM_ConfigChannel
                0x00000000080029fc      0x170 Drivers/STM32F0xx_HAL_Driver/Src/stm32f0xx_hal_tim.o
                0x00000000080029fc                HAL_TIM_PWM_ConfigChannel
 .text.HAL_TIM_ConfigClockSource
                0x0000000008002b6c      0x17c Drivers/STM32F0xx_HAL_Driver/Src/stm32f0xx_hal_tim.o
                0x0000000008002b6c                HAL_TIM_ConfigClockSource
 .text.HAL_TIM_OC_DelayElapsedCallback
                0x0000000008002ce8       0x10 Drivers/STM32F0xx_HAL_Driver/Src/stm32f0xx_hal_tim.o
                0x0000000008002ce8                HAL_TIM_OC_DelayElapsedCallback
 .text.HAL_TIM_IC_CaptureCallback
                0x0000000008002cf8       0x10 Drivers/STM32F0xx_HAL_Driver/Src/stm32f0xx_hal_tim.o
                0x0000000008002cf8                HAL_TIM_IC_CaptureCallback
 .text.HAL_TIM_PWM_PulseFinishedCallback
                0x0000000008002d08       0x10 Drivers/STM32F0xx_HAL_Driver/Src/stm32f0xx_hal_tim.o
                0x0000000008002d08                HAL_TIM_PWM_PulseFinishedCallback
 .text.HAL_TIM_TriggerCallback
                0x0000000008002d18       0x10 Drivers/STM32F0xx_HAL_Driver/Src/stm32f0xx_hal_tim.o
                0x0000000008002d18                HAL_TIM_TriggerCallback
 .text.TIM_Base_SetConfig
                0x0000000008002d28       0xec Drivers/STM32F0xx_HAL_Driver/Src/stm32f0xx_hal_tim.o
                0x0000000008002d28                TIM_Base_SetConfig
 .text.TIM_OC1_SetConfig
                0x0000000008002e14       0xfc Drivers/STM32F0xx_HAL_Driver/Src/stm32f0xx_hal_tim.o
 .text.TIM_OC2_SetConfig
                0x0000000008002f10       0xfc Drivers/STM32F0xx_HAL_Driver/Src/stm32f0xx_hal_tim.o
                0x0000000008002f10                TIM_OC2_SetConfig
 .text.TIM_OC3_SetConfig
                0x000000000800300c      0x100 Drivers/STM32F0xx_HAL_Driver/Src/stm32f0xx_hal_tim.o
 .text.TIM_OC4_SetConfig
                0x000000000800310c       0xc8 Drivers/STM32F0xx_HAL_Driver/Src/stm32f0xx_hal_tim.o
 .text.TIM_TI1_ConfigInputStage
                0x00000000080031d4       0x5c Drivers/STM32F0xx_HAL_Driver/Src/stm32f0xx_hal_tim.o
 .text.TIM_TI2_ConfigInputStage
                0x0000000008003230       0x64 Drivers/STM32F0xx_HAL_Driver/Src/stm32f0xx_hal_tim.o
 .text.TIM_ITRx_SetConfig
                0x0000000008003294       0x32 Drivers/STM32F0xx_HAL_Driver/Src/stm32f0xx_hal_tim.o
 *fill*         0x00000000080032c6        0x2 
 .text.TIM_ETR_SetConfig
                0x00000000080032c8       0x40 Drivers/STM32F0xx_HAL_Driver/Src/stm32f0xx_hal_tim.o
                0x00000000080032c8                TIM_ETR_SetConfig
 .text.TIM_CCxChannelCmd
                0x0000000008003308       0x46 Drivers/STM32F0xx_HAL_Driver/Src/stm32f0xx_hal_tim.o
                0x0000000008003308                TIM_CCxChannelCmd
 *fill*         0x000000000800334e        0x2 
 .text.HAL_TIMEx_MasterConfigSynchronization
                0x0000000008003350       0xb0 Drivers/STM32F0xx_HAL_Driver/Src/stm32f0xx_hal_tim_ex.o
                0x0000000008003350                HAL_TIMEx_MasterConfigSynchronization
 .text.HAL_TIMEx_CommutCallback
                0x0000000008003400       0x10 Drivers/STM32F0xx_HAL_Driver/Src/stm32f0xx_hal_tim_ex.o
                0x0000000008003400                HAL_TIMEx_CommutCallback
 .text.HAL_TIMEx_BreakCallback
                0x0000000008003410       0x10 Drivers/STM32F0xx_HAL_Driver/Src/stm32f0xx_hal_tim_ex.o
                0x0000000008003410                HAL_TIMEx_BreakCallback
 .text.makeFreeRtosPriority
                0x0000000008003420       0x32 Middlewares/Third_Party/FreeRTOS/Source/CMSIS_RTOS/cmsis_os.o
 .text.osKernelStart
                0x0000000008003452       0x10 Middlewares/Third_Party/FreeRTOS/Source/CMSIS_RTOS/cmsis_os.o
                0x0000000008003452                osKernelStart
 .text.osThreadCreate
                0x0000000008003462       0x4c Middlewares/Third_Party/FreeRTOS/Source/CMSIS_RTOS/cmsis_os.o
                0x0000000008003462                osThreadCreate
 .text.vListInitialise
                0x00000000080034ae       0x3c Middlewares/Third_Party/FreeRTOS/Source/list.o
                0x00000000080034ae                vListInitialise
 .text.vListInitialiseItem
                0x00000000080034ea       0x16 Middlewares/Third_Party/FreeRTOS/Source/list.o
                0x00000000080034ea                vListInitialiseItem
 .text.vListInsertEnd
                0x0000000008003500       0x44 Middlewares/Third_Party/FreeRTOS/Source/list.o
                0x0000000008003500                vListInsertEnd
 .text.vListInsert
                0x0000000008003544       0x6c Middlewares/Third_Party/FreeRTOS/Source/list.o
                0x0000000008003544                vListInsert
 .text.uxListRemove
                0x00000000080035b0       0x50 Middlewares/Third_Party/FreeRTOS/Source/list.o
                0x00000000080035b0                uxListRemove
 .text.xTaskCreateStatic
                0x0000000008003600       0x7e Middlewares/Third_Party/FreeRTOS/Source/tasks.o
                0x0000000008003600                xTaskCreateStatic
 *fill*         0x000000000800367e        0x2 
 .text.prvInitialiseNewTask
                0x0000000008003680       0xf4 Middlewares/Third_Party/FreeRTOS/Source/tasks.o
 .text.prvAddNewTaskToReadyList
                0x0000000008003774       0xc8 Middlewares/Third_Party/FreeRTOS/Source/tasks.o
 .text.vTaskDelayUntil
                0x000000000800383c       0xb8 Middlewares/Third_Party/FreeRTOS/Source/tasks.o
                0x000000000800383c                vTaskDelayUntil
 .text.vTaskStartScheduler
                0x00000000080038f4       0x9c Middlewares/Third_Party/FreeRTOS/Source/tasks.o
                0x00000000080038f4                vTaskStartScheduler
 .text.vTaskSuspendAll
                0x0000000008003990       0x18 Middlewares/Third_Party/FreeRTOS/Source/tasks.o
                0x0000000008003990                vTaskSuspendAll
 .text.xTaskResumeAll
                0x00000000080039a8      0x118 Middlewares/Third_Party/FreeRTOS/Source/tasks.o
                0x00000000080039a8                xTaskResumeAll
 .text.xTaskGetTickCount
                0x0000000008003ac0       0x1c Middlewares/Third_Party/FreeRTOS/Source/tasks.o
                0x0000000008003ac0                xTaskGetTickCount
 .text.xTaskIncrementTick
                0x0000000008003adc      0x168 Middlewares/Third_Party/FreeRTOS/Source/tasks.o
                0x0000000008003adc                xTaskIncrementTick
 .text.vTaskSwitchContext
                0x0000000008003c44       0xa4 Middlewares/Third_Party/FreeRTOS/Source/tasks.o
                0x0000000008003c44                vTaskSwitchContext
 .text.prvIdleTask
                0x0000000008003ce8       0x20 Middlewares/Third_Party/FreeRTOS/Source/tasks.o
 .text.prvInitialiseTaskLists
                0x0000000008003d08       0x70 Middlewares/Third_Party/FreeRTOS/Source/tasks.o
 .text.prvCheckTasksWaitingTermination
                0x0000000008003d78        0xa Middlewares/Third_Party/FreeRTOS/Source/tasks.o
 *fill*         0x0000000008003d82        0x2 
 .text.prvResetNextTaskUnblockTime
                0x0000000008003d84       0x48 Middlewares/Third_Party/FreeRTOS/Source/tasks.o
 .text.prvAddCurrentTaskToDelayedList
                0x0000000008003dcc       0x88 Middlewares/Third_Party/FreeRTOS/Source/tasks.o
 .text.pxPortInitialiseStack
                0x0000000008003e54       0x54 Middlewares/Third_Party/FreeRTOS/Source/portable/GCC/ARM_CM0/port.o
                0x0000000008003e54                pxPortInitialiseStack
 .text.prvTaskExitError
                0x0000000008003ea8       0x2c Middlewares/Third_Party/FreeRTOS/Source/portable/GCC/ARM_CM0/port.o
 .text.SVC_Handler
                0x0000000008003ed4        0xa Middlewares/Third_Party/FreeRTOS/Source/portable/GCC/ARM_CM0/port.o
                0x0000000008003ed4                SVC_Handler
 *fill*         0x0000000008003ede        0x2 
 .text.vPortStartFirstTask
                0x0000000008003ee0       0x38 Middlewares/Third_Party/FreeRTOS/Source/portable/GCC/ARM_CM0/port.o
 .text.xPortStartScheduler
                0x0000000008003f18       0x48 Middlewares/Third_Party/FreeRTOS/Source/portable/GCC/ARM_CM0/port.o
                0x0000000008003f18                xPortStartScheduler
 .text.vPortYield
                0x0000000008003f60       0x20 Middlewares/Third_Party/FreeRTOS/Source/portable/GCC/ARM_CM0/port.o
                0x0000000008003f60                vPortYield
 .text.vPortEnterCritical
                0x0000000008003f80       0x24 Middlewares/Third_Party/FreeRTOS/Source/portable/GCC/ARM_CM0/port.o
                0x0000000008003f80                vPortEnterCritical
 .text.vPortExitCritical
                0x0000000008003fa4       0x30 Middlewares/Third_Party/FreeRTOS/Source/portable/GCC/ARM_CM0/port.o
                0x0000000008003fa4                vPortExitCritical
 .text.ulSetInterruptMaskFromISR
                0x0000000008003fd4        0xc Middlewares/Third_Party/FreeRTOS/Source/portable/GCC/ARM_CM0/port.o
                0x0000000008003fd4                ulSetInterruptMaskFromISR
 .text.vClearInterruptMaskFromISR
                0x0000000008003fe0        0x8 Middlewares/Third_Party/FreeRTOS/Source/portable/GCC/ARM_CM0/port.o
                0x0000000008003fe0                vClearInterruptMaskFromISR
 *fill*         0x0000000008003fe8        0x8 
 .text.PendSV_Handler
                0x0000000008003ff0       0x48 Middlewares/Third_Party/FreeRTOS/Source/portable/GCC/ARM_CM0/port.o
                0x0000000008003ff0                PendSV_Handler
 .text.SysTick_Handler
                0x0000000008004038       0x34 Middlewares/Third_Party/FreeRTOS/Source/portable/GCC/ARM_CM0/port.o
                0x0000000008004038                SysTick_Handler
 .text.prvSetupTimerInterrupt
                0x000000000800406c       0x48 Middlewares/Third_Party/FreeRTOS/Source/portable/GCC/ARM_CM0/port.o
 .text.__libc_init_array
                0x00000000080040b4       0x48 d:/st/stm32cubeide_1.3.0/stm32cubeide/plugins/com.st.stm32cube.ide.mcu.externaltools.gnu-tools-for-stm32.7-2018-q2-update.win32_1.0.0.201904181610/tools/bin/../lib/gcc/arm-none-eabi/7.3.1/../../../../arm-none-eabi/lib/thumb/v6-m\libc_nano.a(lib_a-init.o)
                0x00000000080040b4                __libc_init_array
 .text.memset   0x00000000080040fc       0x10 d:/st/stm32cubeide_1.3.0/stm32cubeide/plugins/com.st.stm32cube.ide.mcu.externaltools.gnu-tools-for-stm32.7-2018-q2-update.win32_1.0.0.201904181610/tools/bin/../lib/gcc/arm-none-eabi/7.3.1/../../../../arm-none-eabi/lib/thumb/v6-m\libc_nano.a(lib_a-memset.o)
                0x00000000080040fc                memset
 *(.glue_7)
 .glue_7        0x000000000800410c        0x0 linker stubs
 *(.glue_7t)
 .glue_7t       0x000000000800410c        0x0 linker stubs
 *(.eh_frame)
 .eh_frame      0x000000000800410c        0x0 d:/st/stm32cubeide_1.3.0/stm32cubeide/plugins/com.st.stm32cube.ide.mcu.externaltools.gnu-tools-for-stm32.7-2018-q2-update.win32_1.0.0.201904181610/tools/bin/../lib/gcc/arm-none-eabi/7.3.1/thumb/v6-m/crtbegin.o
 *(.init)
 .init          0x000000000800410c        0x4 d:/st/stm32cubeide_1.3.0/stm32cubeide/plugins/com.st.stm32cube.ide.mcu.externaltools.gnu-tools-for-stm32.7-2018-q2-update.win32_1.0.0.201904181610/tools/bin/../lib/gcc/arm-none-eabi/7.3.1/thumb/v6-m/crti.o
                0x000000000800410c                _init
 .init          0x0000000008004110        0x8 d:/st/stm32cubeide_1.3.0/stm32cubeide/plugins/com.st.stm32cube.ide.mcu.externaltools.gnu-tools-for-stm32.7-2018-q2-update.win32_1.0.0.201904181610/tools/bin/../lib/gcc/arm-none-eabi/7.3.1/thumb/v6-m/crtn.o
 *(.fini)
 .fini          0x0000000008004118        0x4 d:/st/stm32cubeide_1.3.0/stm32cubeide/plugins/com.st.stm32cube.ide.mcu.externaltools.gnu-tools-for-stm32.7-2018-q2-update.win32_1.0.0.201904181610/tools/bin/../lib/gcc/arm-none-eabi/7.3.1/thumb/v6-m/crti.o
                0x0000000008004118                _fini
 .fini          0x000000000800411c        0x8 d:/st/stm32cubeide_1.3.0/stm32cubeide/plugins/com.st.stm32cube.ide.mcu.externaltools.gnu-tools-for-stm32.7-2018-q2-update.win32_1.0.0.201904181610/tools/bin/../lib/gcc/arm-none-eabi/7.3.1/thumb/v6-m/crtn.o
                0x0000000008004124                . = ALIGN (0x4)
                0x0000000008004124                _etext = .

.vfp11_veneer   0x0000000008004124        0x0
 .vfp11_veneer  0x0000000008004124        0x0 linker stubs

.v4_bx          0x0000000008004124        0x0
 .v4_bx         0x0000000008004124        0x0 linker stubs

.iplt           0x0000000008004124        0x0
 .iplt          0x0000000008004124        0x0 d:/st/stm32cubeide_1.3.0/stm32cubeide/plugins/com.st.stm32cube.ide.mcu.externaltools.gnu-tools-for-stm32.7-2018-q2-update.win32_1.0.0.201904181610/tools/bin/../lib/gcc/arm-none-eabi/7.3.1/thumb/v6-m/crtbegin.o

.rodata         0x0000000008004124       0x8c
                0x0000000008004124                . = ALIGN (0x4)
 *(.rodata)
 .rodata        0x0000000008004124       0x4c Core/Src/freertos.o
 .rodata        0x0000000008004170       0x20 Drivers/STM32F0xx_HAL_Driver/Src/stm32f0xx_hal_rcc.o
 .rodata        0x0000000008004190        0x5 Middlewares/Third_Party/FreeRTOS/Source/tasks.o
 *(.rodata*)
 *fill*         0x0000000008004195        0x3 
 .rodata.AHBPrescTable
                0x0000000008004198       0x10 Core/Src/system_stm32f0xx.o
                0x0000000008004198                AHBPrescTable
 .rodata.APBPrescTable
                0x00000000080041a8        0x8 Core/Src/system_stm32f0xx.o
                0x00000000080041a8                APBPrescTable
                0x00000000080041b0                . = ALIGN (0x4)

.rel.dyn        0x00000000080041b0        0x0
 .rel.iplt      0x00000000080041b0        0x0 d:/st/stm32cubeide_1.3.0/stm32cubeide/plugins/com.st.stm32cube.ide.mcu.externaltools.gnu-tools-for-stm32.7-2018-q2-update.win32_1.0.0.201904181610/tools/bin/../lib/gcc/arm-none-eabi/7.3.1/thumb/v6-m/crtbegin.o

.ARM.extab      0x00000000080041b0        0x0
                0x00000000080041b0                . = ALIGN (0x4)
 *(.ARM.extab* .gnu.linkonce.armextab.*)
                0x00000000080041b0                . = ALIGN (0x4)

.ARM            0x00000000080041b0        0x0
                0x00000000080041b0                . = ALIGN (0x4)
                0x00000000080041b0                __exidx_start = .
 *(.ARM.exidx*)
                0x00000000080041b0                __exidx_end = .
                0x00000000080041b0                . = ALIGN (0x4)

.preinit_array  0x00000000080041b0        0x0
                0x00000000080041b0                . = ALIGN (0x4)
                0x00000000080041b0                PROVIDE (__preinit_array_start = .)
 *(.preinit_array*)
                0x00000000080041b0                PROVIDE (__preinit_array_end = .)
                0x00000000080041b0                . = ALIGN (0x4)

.init_array     0x00000000080041b0        0x4
                0x00000000080041b0                . = ALIGN (0x4)
                0x00000000080041b0                PROVIDE (__init_array_start = .)
 *(SORT_BY_NAME(.init_array.*))
 *(.init_array*)
 .init_array    0x00000000080041b0        0x4 d:/st/stm32cubeide_1.3.0/stm32cubeide/plugins/com.st.stm32cube.ide.mcu.externaltools.gnu-tools-for-stm32.7-2018-q2-update.win32_1.0.0.201904181610/tools/bin/../lib/gcc/arm-none-eabi/7.3.1/thumb/v6-m/crtbegin.o
                0x00000000080041b4                PROVIDE (__init_array_end = .)
                0x00000000080041b4                . = ALIGN (0x4)

.fini_array     0x00000000080041b4        0x4
                0x00000000080041b4                . = ALIGN (0x4)
                [!provide]                        PROVIDE (__fini_array_start = .)
 *(SORT_BY_NAME(.fini_array.*))
 *(.fini_array*)
 .fini_array    0x00000000080041b4        0x4 d:/st/stm32cubeide_1.3.0/stm32cubeide/plugins/com.st.stm32cube.ide.mcu.externaltools.gnu-tools-for-stm32.7-2018-q2-update.win32_1.0.0.201904181610/tools/bin/../lib/gcc/arm-none-eabi/7.3.1/thumb/v6-m/crtbegin.o
                [!provide]                        PROVIDE (__fini_array_end = .)
                0x00000000080041b8                . = ALIGN (0x4)
                0x00000000080041b8                _sidata = LOADADDR (.data)

.data           0x0000000020000000        0xc load address 0x00000000080041b8
                0x0000000020000000                . = ALIGN (0x4)
                0x0000000020000000                _sdata = .
 *(.data)
 *(.data*)
 .data.SystemCoreClock
                0x0000000020000000        0x4 Core/Src/system_stm32f0xx.o
                0x0000000020000000                SystemCoreClock
 .data.uwTickFreq
                0x0000000020000004        0x1 Drivers/STM32F0xx_HAL_Driver/Src/stm32f0xx_hal.o
                0x0000000020000004                uwTickFreq
 *fill*         0x0000000020000005        0x3 
 .data.uxCriticalNesting
                0x0000000020000008        0x4 Middlewares/Third_Party/FreeRTOS/Source/portable/GCC/ARM_CM0/port.o
                0x000000002000000c                . = ALIGN (0x4)
                0x000000002000000c                _edata = .

.igot.plt       0x000000002000000c        0x0 load address 0x00000000080041c4
 .igot.plt      0x000000002000000c        0x0 d:/st/stm32cubeide_1.3.0/stm32cubeide/plugins/com.st.stm32cube.ide.mcu.externaltools.gnu-tools-for-stm32.7-2018-q2-update.win32_1.0.0.201904181610/tools/bin/../lib/gcc/arm-none-eabi/7.3.1/thumb/v6-m/crtbegin.o
                0x000000002000000c                . = ALIGN (0x4)

.bss            0x000000002000000c      0x88c load address 0x00000000080041c4
                0x000000002000000c                _sbss = .
                0x000000002000000c                __bss_start__ = _sbss
 *(.bss)
 .bss           0x000000002000000c       0x1c d:/st/stm32cubeide_1.3.0/stm32cubeide/plugins/com.st.stm32cube.ide.mcu.externaltools.gnu-tools-for-stm32.7-2018-q2-update.win32_1.0.0.201904181610/tools/bin/../lib/gcc/arm-none-eabi/7.3.1/thumb/v6-m/crtbegin.o
 *(.bss*)
 .bss.xIdleTaskTCBBuffer
                0x0000000020000028       0x50 Core/Src/freertos.o
 .bss.xIdleStack
                0x0000000020000078      0x190 Core/Src/freertos.o
 .bss.sMasterConfig
                0x0000000020000208        0x8 Core/Src/tim.o
                0x0000000020000208                sMasterConfig
 .bss.sConfigOC
                0x0000000020000210       0x1c Core/Src/tim.o
                0x0000000020000210                sConfigOC
 .bss.sConfig   0x000000002000022c       0x24 Core/Src/tim.o
                0x000000002000022c                sConfig
 .bss.sClockSourceConfig
                0x0000000020000250       0x10 Core/Src/tim.o
                0x0000000020000250                sClockSourceConfig
 .bss.pxCurrentTCB
                0x0000000020000260        0x4 Middlewares/Third_Party/FreeRTOS/Source/tasks.o
                0x0000000020000260                pxCurrentTCB
 .bss.pxReadyTasksLists
                0x0000000020000264       0x8c Middlewares/Third_Party/FreeRTOS/Source/tasks.o
 .bss.xDelayedTaskList1
                0x00000000200002f0       0x14 Middlewares/Third_Party/FreeRTOS/Source/tasks.o
 .bss.xDelayedTaskList2
                0x0000000020000304       0x14 Middlewares/Third_Party/FreeRTOS/Source/tasks.o
 .bss.pxDelayedTaskList
                0x0000000020000318        0x4 Middlewares/Third_Party/FreeRTOS/Source/tasks.o
 .bss.pxOverflowDelayedTaskList
                0x000000002000031c        0x4 Middlewares/Third_Party/FreeRTOS/Source/tasks.o
 .bss.xPendingReadyList
                0x0000000020000320       0x14 Middlewares/Third_Party/FreeRTOS/Source/tasks.o
 .bss.uxCurrentNumberOfTasks
                0x0000000020000334        0x4 Middlewares/Third_Party/FreeRTOS/Source/tasks.o
 .bss.xTickCount
                0x0000000020000338        0x4 Middlewares/Third_Party/FreeRTOS/Source/tasks.o
 .bss.uxTopReadyPriority
                0x000000002000033c        0x4 Middlewares/Third_Party/FreeRTOS/Source/tasks.o
 .bss.xSchedulerRunning
                0x0000000020000340        0x4 Middlewares/Third_Party/FreeRTOS/Source/tasks.o
 .bss.uxPendedTicks
                0x0000000020000344        0x4 Middlewares/Third_Party/FreeRTOS/Source/tasks.o
 .bss.xYieldPending
                0x0000000020000348        0x4 Middlewares/Third_Party/FreeRTOS/Source/tasks.o
 .bss.xNumOfOverflows
                0x000000002000034c        0x4 Middlewares/Third_Party/FreeRTOS/Source/tasks.o
 .bss.uxTaskNumber
                0x0000000020000350        0x4 Middlewares/Third_Party/FreeRTOS/Source/tasks.o
 .bss.xNextTaskUnblockTime
                0x0000000020000354        0x4 Middlewares/Third_Party/FreeRTOS/Source/tasks.o
 .bss.xIdleTaskHandle
                0x0000000020000358        0x4 Middlewares/Third_Party/FreeRTOS/Source/tasks.o
 .bss.uxSchedulerSuspended
                0x000000002000035c        0x4 Middlewares/Third_Party/FreeRTOS/Source/tasks.o
 *(COMMON)
 COMMON         0x0000000020000360       0x84 Core/Src/adc.o
                0x0000000020000360                hdma_adc
                0x00000000200003a4                hadc
 COMMON         0x00000000200003e4       0x28 Core/Src/can.o
                0x00000000200003e4                hcan
 COMMON         0x000000002000040c      0x3c8 Core/Src/freertos.o
                0x000000002000040c                myTask02ControlBlock
                0x000000002000045c                defaultTaskHandle
                0x0000000020000460                ControlHandle
                0x0000000020000464                defaultTaskBuffer
                0x00000000200005f4                defaultTaskControlBlock
                0x0000000020000644                myTask02Buffer
 COMMON         0x00000000200007d4       0x40 Core/Src/stm32f0xx_hal_timebase_tim.o
                0x00000000200007d4                htim17
 COMMON         0x0000000020000814       0x80 Core/Src/tim.o
                0x0000000020000814                htim3
                0x0000000020000854                htim2
 COMMON         0x0000000020000894        0x4 Drivers/STM32F0xx_HAL_Driver/Src/stm32f0xx_hal.o
                0x0000000020000894                uwTick
                0x0000000020000898                . = ALIGN (0x4)
                0x0000000020000898                _ebss = .
                0x0000000020000898                __bss_end__ = _ebss

._user_heap_stack
                0x0000000020000898      0x600 load address 0x00000000080041c4
                0x0000000020000898                . = ALIGN (0x8)
                0x0000000020000898                PROVIDE (end = .)
                [!provide]                        PROVIDE (_end = .)
                0x0000000020000a98                . = (. + _Min_Heap_Size)
 *fill*         0x0000000020000898      0x200 
                0x0000000020000e98                . = (. + _Min_Stack_Size)
 *fill*         0x0000000020000a98      0x400 
                0x0000000020000e98                . = ALIGN (0x8)

/DISCARD/
 libc.a(*)
 libm.a(*)
 libgcc.a(*)

.ARM.attributes
                0x0000000000000000       0x28
 *(.ARM.attributes)
 .ARM.attributes
                0x0000000000000000       0x1e d:/st/stm32cubeide_1.3.0/stm32cubeide/plugins/com.st.stm32cube.ide.mcu.externaltools.gnu-tools-for-stm32.7-2018-q2-update.win32_1.0.0.201904181610/tools/bin/../lib/gcc/arm-none-eabi/7.3.1/thumb/v6-m/crti.o
 .ARM.attributes
                0x000000000000001e       0x2c d:/st/stm32cubeide_1.3.0/stm32cubeide/plugins/com.st.stm32cube.ide.mcu.externaltools.gnu-tools-for-stm32.7-2018-q2-update.win32_1.0.0.201904181610/tools/bin/../lib/gcc/arm-none-eabi/7.3.1/thumb/v6-m/crtbegin.o
 .ARM.attributes
                0x000000000000004a       0x31 Core/Src/adc.o
 .ARM.attributes
                0x000000000000007b       0x31 Core/Src/can.o
 .ARM.attributes
                0x00000000000000ac       0x31 Core/Src/dma.o
 .ARM.attributes
                0x00000000000000dd       0x31 Core/Src/freertos.o
 .ARM.attributes
                0x000000000000010e       0x31 Core/Src/gpio.o
 .ARM.attributes
                0x000000000000013f       0x31 Core/Src/main.o
 .ARM.attributes
                0x0000000000000170       0x31 Core/Src/stm32f0xx_hal_msp.o
 .ARM.attributes
                0x00000000000001a1       0x31 Core/Src/stm32f0xx_hal_timebase_tim.o
 .ARM.attributes
                0x00000000000001d2       0x31 Core/Src/stm32f0xx_it.o
 .ARM.attributes
                0x0000000000000203       0x31 Core/Src/system_stm32f0xx.o
 .ARM.attributes
                0x0000000000000234       0x31 Core/Src/tim.o
 .ARM.attributes
                0x0000000000000265       0x21 Core/Startup/startup_stm32f042k6tx.o
 .ARM.attributes
                0x0000000000000286       0x31 Drivers/STM32F0xx_HAL_Driver/Src/stm32f0xx_hal.o
 .ARM.attributes
                0x00000000000002b7       0x31 Drivers/STM32F0xx_HAL_Driver/Src/stm32f0xx_hal_adc.o
 .ARM.attributes
                0x00000000000002e8       0x31 Drivers/STM32F0xx_HAL_Driver/Src/stm32f0xx_hal_can.o
 .ARM.attributes
                0x0000000000000319       0x31 Drivers/STM32F0xx_HAL_Driver/Src/stm32f0xx_hal_cortex.o
 .ARM.attributes
                0x000000000000034a       0x31 Drivers/STM32F0xx_HAL_Driver/Src/stm32f0xx_hal_dma.o
 .ARM.attributes
                0x000000000000037b       0x31 Drivers/STM32F0xx_HAL_Driver/Src/stm32f0xx_hal_gpio.o
 .ARM.attributes
                0x00000000000003ac       0x31 Drivers/STM32F0xx_HAL_Driver/Src/stm32f0xx_hal_rcc.o
 .ARM.attributes
                0x00000000000003dd       0x31 Drivers/STM32F0xx_HAL_Driver/Src/stm32f0xx_hal_tim.o
 .ARM.attributes
                0x000000000000040e       0x31 Drivers/STM32F0xx_HAL_Driver/Src/stm32f0xx_hal_tim_ex.o
 .ARM.attributes
                0x000000000000043f       0x31 Middlewares/Third_Party/FreeRTOS/Source/CMSIS_RTOS/cmsis_os.o
 .ARM.attributes
                0x0000000000000470       0x31 Middlewares/Third_Party/FreeRTOS/Source/list.o
 .ARM.attributes
                0x00000000000004a1       0x31 Middlewares/Third_Party/FreeRTOS/Source/tasks.o
 .ARM.attributes
                0x00000000000004d2       0x31 Middlewares/Third_Party/FreeRTOS/Source/portable/GCC/ARM_CM0/port.o
 .ARM.attributes
                0x0000000000000503       0x2c d:/st/stm32cubeide_1.3.0/stm32cubeide/plugins/com.st.stm32cube.ide.mcu.externaltools.gnu-tools-for-stm32.7-2018-q2-update.win32_1.0.0.201904181610/tools/bin/../lib/gcc/arm-none-eabi/7.3.1/../../../../arm-none-eabi/lib/thumb/v6-m\libc_nano.a(lib_a-init.o)
 .ARM.attributes
                0x000000000000052f       0x2c d:/st/stm32cubeide_1.3.0/stm32cubeide/plugins/com.st.stm32cube.ide.mcu.externaltools.gnu-tools-for-stm32.7-2018-q2-update.win32_1.0.0.201904181610/tools/bin/../lib/gcc/arm-none-eabi/7.3.1/../../../../arm-none-eabi/lib/thumb/v6-m\libc_nano.a(lib_a-memset.o)
 .ARM.attributes
                0x000000000000055b       0x1e d:/st/stm32cubeide_1.3.0/stm32cubeide/plugins/com.st.stm32cube.ide.mcu.externaltools.gnu-tools-for-stm32.7-2018-q2-update.win32_1.0.0.201904181610/tools/bin/../lib/gcc/arm-none-eabi/7.3.1/thumb/v6-m\libgcc.a(_udivsi3.o)
 .ARM.attributes
                0x0000000000000579       0x1e d:/st/stm32cubeide_1.3.0/stm32cubeide/plugins/com.st.stm32cube.ide.mcu.externaltools.gnu-tools-for-stm32.7-2018-q2-update.win32_1.0.0.201904181610/tools/bin/../lib/gcc/arm-none-eabi/7.3.1/thumb/v6-m\libgcc.a(_dvmd_tls.o)
 .ARM.attributes
                0x0000000000000597       0x1e d:/st/stm32cubeide_1.3.0/stm32cubeide/plugins/com.st.stm32cube.ide.mcu.externaltools.gnu-tools-for-stm32.7-2018-q2-update.win32_1.0.0.201904181610/tools/bin/../lib/gcc/arm-none-eabi/7.3.1/thumb/v6-m/crtn.o
OUTPUT(MD2020.elf elf32-littlearm)

.debug_info     0x0000000000000000    0x111f3
 .debug_info    0x0000000000000000      0x876 Core/Src/adc.o
 .debug_info    0x0000000000000876      0x795 Core/Src/can.o
 .debug_info    0x000000000000100b      0x310 Core/Src/dma.o
 .debug_info    0x000000000000131b     0x1212 Core/Src/freertos.o
 .debug_info    0x000000000000252d      0x3d0 Core/Src/gpio.o
 .debug_info    0x00000000000028fd      0xd2e Core/Src/main.o
 .debug_info    0x000000000000362b      0x32c Core/Src/stm32f0xx_hal_msp.o
 .debug_info    0x0000000000003957      0x888 Core/Src/stm32f0xx_hal_timebase_tim.o
 .debug_info    0x00000000000041df      0x64c Core/Src/stm32f0xx_it.o
 .debug_info    0x000000000000482b      0x29e Core/Src/system_stm32f0xx.o
 .debug_info    0x0000000000004ac9      0xc38 Core/Src/tim.o
 .debug_info    0x0000000000005701       0x22 Core/Startup/startup_stm32f042k6tx.o
 .debug_info    0x0000000000005723      0x69d Drivers/STM32F0xx_HAL_Driver/Src/stm32f0xx_hal.o
 .debug_info    0x0000000000005dc0      0xca9 Drivers/STM32F0xx_HAL_Driver/Src/stm32f0xx_hal_adc.o
 .debug_info    0x0000000000006a69      0xf1e Drivers/STM32F0xx_HAL_Driver/Src/stm32f0xx_hal_can.o
 .debug_info    0x0000000000007987      0x76e Drivers/STM32F0xx_HAL_Driver/Src/stm32f0xx_hal_cortex.o
 .debug_info    0x00000000000080f5      0x7a9 Drivers/STM32F0xx_HAL_Driver/Src/stm32f0xx_hal_dma.o
 .debug_info    0x000000000000889e      0x67a Drivers/STM32F0xx_HAL_Driver/Src/stm32f0xx_hal_gpio.o
 .debug_info    0x0000000000008f18      0x82d Drivers/STM32F0xx_HAL_Driver/Src/stm32f0xx_hal_rcc.o
 .debug_info    0x0000000000009745     0x252c Drivers/STM32F0xx_HAL_Driver/Src/stm32f0xx_hal_tim.o
 .debug_info    0x000000000000bc71     0x10f0 Drivers/STM32F0xx_HAL_Driver/Src/stm32f0xx_hal_tim_ex.o
 .debug_info    0x000000000000cd61     0x1d3f Middlewares/Third_Party/FreeRTOS/Source/CMSIS_RTOS/cmsis_os.o
 .debug_info    0x000000000000eaa0      0xac5 Middlewares/Third_Party/FreeRTOS/Source/list.o
 .debug_info    0x000000000000f565     0x1a23 Middlewares/Third_Party/FreeRTOS/Source/tasks.o
 .debug_info    0x0000000000010f88      0x26b Middlewares/Third_Party/FreeRTOS/Source/portable/GCC/ARM_CM0/port.o

.debug_abbrev   0x0000000000000000     0x2cbc
 .debug_abbrev  0x0000000000000000      0x1aa Core/Src/adc.o
 .debug_abbrev  0x00000000000001aa      0x1ad Core/Src/can.o
 .debug_abbrev  0x0000000000000357      0x107 Core/Src/dma.o
 .debug_abbrev  0x000000000000045e      0x21f Core/Src/freertos.o
 .debug_abbrev  0x000000000000067d      0x175 Core/Src/gpio.o
 .debug_abbrev  0x00000000000007f2      0x1ce Core/Src/main.o
 .debug_abbrev  0x00000000000009c0      0x112 Core/Src/stm32f0xx_hal_msp.o
 .debug_abbrev  0x0000000000000ad2      0x19d Core/Src/stm32f0xx_hal_timebase_tim.o
 .debug_abbrev  0x0000000000000c6f      0x15a Core/Src/stm32f0xx_it.o
 .debug_abbrev  0x0000000000000dc9      0x12b Core/Src/system_stm32f0xx.o
 .debug_abbrev  0x0000000000000ef4      0x1f2 Core/Src/tim.o
 .debug_abbrev  0x00000000000010e6       0x12 Core/Startup/startup_stm32f042k6tx.o
 .debug_abbrev  0x00000000000010f8      0x1f2 Drivers/STM32F0xx_HAL_Driver/Src/stm32f0xx_hal.o
 .debug_abbrev  0x00000000000012ea      0x207 Drivers/STM32F0xx_HAL_Driver/Src/stm32f0xx_hal_adc.o
 .debug_abbrev  0x00000000000014f1      0x1b7 Drivers/STM32F0xx_HAL_Driver/Src/stm32f0xx_hal_can.o
 .debug_abbrev  0x00000000000016a8      0x273 Drivers/STM32F0xx_HAL_Driver/Src/stm32f0xx_hal_cortex.o
 .debug_abbrev  0x000000000000191b      0x216 Drivers/STM32F0xx_HAL_Driver/Src/stm32f0xx_hal_dma.o
 .debug_abbrev  0x0000000000001b31      0x1c0 Drivers/STM32F0xx_HAL_Driver/Src/stm32f0xx_hal_gpio.o
 .debug_abbrev  0x0000000000001cf1      0x20f Drivers/STM32F0xx_HAL_Driver/Src/stm32f0xx_hal_rcc.o
 .debug_abbrev  0x0000000000001f00      0x230 Drivers/STM32F0xx_HAL_Driver/Src/stm32f0xx_hal_tim.o
 .debug_abbrev  0x0000000000002130      0x21e Drivers/STM32F0xx_HAL_Driver/Src/stm32f0xx_hal_tim_ex.o
 .debug_abbrev  0x000000000000234e      0x321 Middlewares/Third_Party/FreeRTOS/Source/CMSIS_RTOS/cmsis_os.o
 .debug_abbrev  0x000000000000266f      0x1cf Middlewares/Third_Party/FreeRTOS/Source/list.o
 .debug_abbrev  0x000000000000283e      0x2da Middlewares/Third_Party/FreeRTOS/Source/tasks.o
 .debug_abbrev  0x0000000000002b18      0x1a4 Middlewares/Third_Party/FreeRTOS/Source/portable/GCC/ARM_CM0/port.o

.debug_aranges  0x0000000000000000     0x1090
 .debug_aranges
                0x0000000000000000       0x30 Core/Src/adc.o
 .debug_aranges
                0x0000000000000030       0x30 Core/Src/can.o
 .debug_aranges
                0x0000000000000060       0x20 Core/Src/dma.o
 .debug_aranges
                0x0000000000000080       0x38 Core/Src/freertos.o
 .debug_aranges
                0x00000000000000b8       0x30 Core/Src/gpio.o
 .debug_aranges
                0x00000000000000e8       0x38 Core/Src/main.o
 .debug_aranges
                0x0000000000000120       0x20 Core/Src/stm32f0xx_hal_msp.o
 .debug_aranges
                0x0000000000000140       0x30 Core/Src/stm32f0xx_hal_timebase_tim.o
 .debug_aranges
                0x0000000000000170       0x40 Core/Src/stm32f0xx_it.o
 .debug_aranges
                0x00000000000001b0       0x28 Core/Src/system_stm32f0xx.o
 .debug_aranges
                0x00000000000001d8       0x68 Core/Src/tim.o
 .debug_aranges
                0x0000000000000240       0x28 Core/Startup/startup_stm32f042k6tx.o
 .debug_aranges
                0x0000000000000268       0xd0 Drivers/STM32F0xx_HAL_Driver/Src/stm32f0xx_hal.o
 .debug_aranges
                0x0000000000000338       0xf8 Drivers/STM32F0xx_HAL_Driver/Src/stm32f0xx_hal_adc.o
 .debug_aranges
                0x0000000000000430      0x138 Drivers/STM32F0xx_HAL_Driver/Src/stm32f0xx_hal_can.o
 .debug_aranges
                0x0000000000000568       0xc0 Drivers/STM32F0xx_HAL_Driver/Src/stm32f0xx_hal_cortex.o
 .debug_aranges
                0x0000000000000628       0x88 Drivers/STM32F0xx_HAL_Driver/Src/stm32f0xx_hal_dma.o
 .debug_aranges
                0x00000000000006b0       0x58 Drivers/STM32F0xx_HAL_Driver/Src/stm32f0xx_hal_gpio.o
 .debug_aranges
                0x0000000000000708       0x80 Drivers/STM32F0xx_HAL_Driver/Src/stm32f0xx_hal_rcc.o
 .debug_aranges
                0x0000000000000788      0x3b8 Drivers/STM32F0xx_HAL_Driver/Src/stm32f0xx_hal_tim.o
 .debug_aranges
                0x0000000000000b40      0x150 Drivers/STM32F0xx_HAL_Driver/Src/stm32f0xx_hal_tim_ex.o
 .debug_aranges
                0x0000000000000c90      0x1d0 Middlewares/Third_Party/FreeRTOS/Source/CMSIS_RTOS/cmsis_os.o
 .debug_aranges
                0x0000000000000e60       0x40 Middlewares/Third_Party/FreeRTOS/Source/list.o
 .debug_aranges
                0x0000000000000ea0      0x168 Middlewares/Third_Party/FreeRTOS/Source/tasks.o
 .debug_aranges
                0x0000000000001008       0x88 Middlewares/Third_Party/FreeRTOS/Source/portable/GCC/ARM_CM0/port.o

.debug_ranges   0x0000000000000000      0xf08
 .debug_ranges  0x0000000000000000       0x20 Core/Src/adc.o
 .debug_ranges  0x0000000000000020       0x20 Core/Src/can.o
 .debug_ranges  0x0000000000000040       0x10 Core/Src/dma.o
 .debug_ranges  0x0000000000000050       0x28 Core/Src/freertos.o
 .debug_ranges  0x0000000000000078       0x20 Core/Src/gpio.o
 .debug_ranges  0x0000000000000098       0x28 Core/Src/main.o
 .debug_ranges  0x00000000000000c0       0x10 Core/Src/stm32f0xx_hal_msp.o
 .debug_ranges  0x00000000000000d0       0x20 Core/Src/stm32f0xx_hal_timebase_tim.o
 .debug_ranges  0x00000000000000f0       0x30 Core/Src/stm32f0xx_it.o
 .debug_ranges  0x0000000000000120       0x18 Core/Src/system_stm32f0xx.o
 .debug_ranges  0x0000000000000138       0x58 Core/Src/tim.o
 .debug_ranges  0x0000000000000190       0x20 Core/Startup/startup_stm32f042k6tx.o
 .debug_ranges  0x00000000000001b0       0xc0 Drivers/STM32F0xx_HAL_Driver/Src/stm32f0xx_hal.o
 .debug_ranges  0x0000000000000270       0xe8 Drivers/STM32F0xx_HAL_Driver/Src/stm32f0xx_hal_adc.o
 .debug_ranges  0x0000000000000358      0x128 Drivers/STM32F0xx_HAL_Driver/Src/stm32f0xx_hal_can.o
 .debug_ranges  0x0000000000000480       0xb0 Drivers/STM32F0xx_HAL_Driver/Src/stm32f0xx_hal_cortex.o
 .debug_ranges  0x0000000000000530       0x78 Drivers/STM32F0xx_HAL_Driver/Src/stm32f0xx_hal_dma.o
 .debug_ranges  0x00000000000005a8       0x48 Drivers/STM32F0xx_HAL_Driver/Src/stm32f0xx_hal_gpio.o
 .debug_ranges  0x00000000000005f0       0x70 Drivers/STM32F0xx_HAL_Driver/Src/stm32f0xx_hal_rcc.o
 .debug_ranges  0x0000000000000660      0x3a8 Drivers/STM32F0xx_HAL_Driver/Src/stm32f0xx_hal_tim.o
 .debug_ranges  0x0000000000000a08      0x140 Drivers/STM32F0xx_HAL_Driver/Src/stm32f0xx_hal_tim_ex.o
 .debug_ranges  0x0000000000000b48      0x1c0 Middlewares/Third_Party/FreeRTOS/Source/CMSIS_RTOS/cmsis_os.o
 .debug_ranges  0x0000000000000d08       0x30 Middlewares/Third_Party/FreeRTOS/Source/list.o
 .debug_ranges  0x0000000000000d38      0x158 Middlewares/Third_Party/FreeRTOS/Source/tasks.o
 .debug_ranges  0x0000000000000e90       0x78 Middlewares/Third_Party/FreeRTOS/Source/portable/GCC/ARM_CM0/port.o

.debug_macro    0x0000000000000000    0x17145
 .debug_macro   0x0000000000000000      0x1db Core/Src/adc.o
 .debug_macro   0x00000000000001db      0xa48 Core/Src/adc.o
 .debug_macro   0x0000000000000c23      0x139 Core/Src/adc.o
 .debug_macro   0x0000000000000d5c       0x2e Core/Src/adc.o
 .debug_macro   0x0000000000000d8a       0x22 Core/Src/adc.o
 .debug_macro   0x0000000000000dac       0x22 Core/Src/adc.o
 .debug_macro   0x0000000000000dce       0x8e Core/Src/adc.o
 .debug_macro   0x0000000000000e5c       0x51 Core/Src/adc.o
 .debug_macro   0x0000000000000ead       0xef Core/Src/adc.o
 .debug_macro   0x0000000000000f9c       0x6a Core/Src/adc.o
 .debug_macro   0x0000000000001006      0x1df Core/Src/adc.o
 .debug_macro   0x00000000000011e5       0x1c Core/Src/adc.o
 .debug_macro   0x0000000000001201       0x22 Core/Src/adc.o
 .debug_macro   0x0000000000001223       0xb5 Core/Src/adc.o
 .debug_macro   0x00000000000012d8      0x391 Core/Src/adc.o
 .debug_macro   0x0000000000001669     0xf1e6 Core/Src/adc.o
 .debug_macro   0x000000000001084f       0x3c Core/Src/adc.o
 .debug_macro   0x000000000001088b      0x174 Core/Src/adc.o
 .debug_macro   0x00000000000109ff       0x53 Core/Src/adc.o
 .debug_macro   0x0000000000010a52      0x946 Core/Src/adc.o
 .debug_macro   0x0000000000011398      0x46b Core/Src/adc.o
 .debug_macro   0x0000000000011803      0x12f Core/Src/adc.o
 .debug_macro   0x0000000000011932      0x130 Core/Src/adc.o
 .debug_macro   0x0000000000011a62      0x199 Core/Src/adc.o
 .debug_macro   0x0000000000011bfb      0x1ed Core/Src/adc.o
 .debug_macro   0x0000000000011de8       0x34 Core/Src/adc.o
 .debug_macro   0x0000000000011e1c       0x43 Core/Src/adc.o
 .debug_macro   0x0000000000011e5f       0x28 Core/Src/adc.o
 .debug_macro   0x0000000000011e87      0x33d Core/Src/adc.o
 .debug_macro   0x00000000000121c4       0xce Core/Src/adc.o
 .debug_macro   0x0000000000012292      0x408 Core/Src/adc.o
 .debug_macro   0x000000000001269a       0xb0 Core/Src/adc.o
 .debug_macro   0x000000000001274a      0x182 Core/Src/adc.o
 .debug_macro   0x00000000000128cc      0x22c Core/Src/adc.o
 .debug_macro   0x0000000000012af8       0x5f Core/Src/adc.o
 .debug_macro   0x0000000000012b57       0xa5 Core/Src/adc.o
 .debug_macro   0x0000000000012bfc       0x4c Core/Src/adc.o
 .debug_macro   0x0000000000012c48      0x15b Core/Src/adc.o
 .debug_macro   0x0000000000012da3      0x8ae Core/Src/adc.o
 .debug_macro   0x0000000000013651       0x28 Core/Src/adc.o
 .debug_macro   0x0000000000013679      0x12e Core/Src/adc.o
 .debug_macro   0x00000000000137a7       0xc4 Core/Src/adc.o
 .debug_macro   0x000000000001386b      0x1db Core/Src/can.o
 .debug_macro   0x0000000000013a46      0x1db Core/Src/dma.o
 .debug_macro   0x0000000000013c21      0x33a Core/Src/freertos.o
 .debug_macro   0x0000000000013f5b       0xbe Core/Src/freertos.o
 .debug_macro   0x0000000000014019      0x15a Core/Src/freertos.o
 .debug_macro   0x0000000000014173       0xac Core/Src/freertos.o
 .debug_macro   0x000000000001421f       0x10 Core/Src/freertos.o
 .debug_macro   0x000000000001422f       0x1f Core/Src/freertos.o
 .debug_macro   0x000000000001424e      0x4be Core/Src/freertos.o
 .debug_macro   0x000000000001470c       0xb5 Core/Src/freertos.o
 .debug_macro   0x00000000000147c1       0x8c Core/Src/freertos.o
 .debug_macro   0x000000000001484d       0x91 Core/Src/freertos.o
 .debug_macro   0x00000000000148de       0x86 Core/Src/freertos.o
 .debug_macro   0x0000000000014964       0x63 Core/Src/freertos.o
 .debug_macro   0x00000000000149c7       0x19 Core/Src/freertos.o
 .debug_macro   0x00000000000149e0       0xf2 Core/Src/freertos.o
 .debug_macro   0x0000000000014ad2      0x1db Core/Src/gpio.o
 .debug_macro   0x0000000000014cad      0x2ba Core/Src/main.o
 .debug_macro   0x0000000000014f67      0x1d1 Core/Src/stm32f0xx_hal_msp.o
 .debug_macro   0x0000000000015138      0x1c2 Core/Src/stm32f0xx_hal_timebase_tim.o
 .debug_macro   0x00000000000152fa      0x243 Core/Src/stm32f0xx_it.o
 .debug_macro   0x000000000001553d      0x1c2 Core/Src/system_stm32f0xx.o
 .debug_macro   0x00000000000156ff      0x1db Core/Src/tim.o
 .debug_macro   0x00000000000158da      0x1e6 Drivers/STM32F0xx_HAL_Driver/Src/stm32f0xx_hal.o
 .debug_macro   0x0000000000015ac0      0x1e6 Drivers/STM32F0xx_HAL_Driver/Src/stm32f0xx_hal_adc.o
 .debug_macro   0x0000000000015ca6      0x1ca Drivers/STM32F0xx_HAL_Driver/Src/stm32f0xx_hal_can.o
 .debug_macro   0x0000000000015e70      0x1c2 Drivers/STM32F0xx_HAL_Driver/Src/stm32f0xx_hal_cortex.o
 .debug_macro   0x0000000000016032      0x1c2 Drivers/STM32F0xx_HAL_Driver/Src/stm32f0xx_hal_dma.o
 .debug_macro   0x00000000000161f4      0x1fa Drivers/STM32F0xx_HAL_Driver/Src/stm32f0xx_hal_gpio.o
 .debug_macro   0x00000000000163ee      0x1d4 Drivers/STM32F0xx_HAL_Driver/Src/stm32f0xx_hal_rcc.o
 .debug_macro   0x00000000000165c2      0x1c3 Drivers/STM32F0xx_HAL_Driver/Src/stm32f0xx_hal_tim.o
 .debug_macro   0x0000000000016785      0x1c2 Drivers/STM32F0xx_HAL_Driver/Src/stm32f0xx_hal_tim_ex.o
 .debug_macro   0x0000000000016947      0x1f1 Middlewares/Third_Party/FreeRTOS/Source/CMSIS_RTOS/cmsis_os.o
 .debug_macro   0x0000000000016b38       0x10 Middlewares/Third_Party/FreeRTOS/Source/CMSIS_RTOS/cmsis_os.o
 .debug_macro   0x0000000000016b48       0x20 Middlewares/Third_Party/FreeRTOS/Source/CMSIS_RTOS/cmsis_os.o
 .debug_macro   0x0000000000016b68       0x9d Middlewares/Third_Party/FreeRTOS/Source/CMSIS_RTOS/cmsis_os.o
 .debug_macro   0x0000000000016c05      0x17a Middlewares/Third_Party/FreeRTOS/Source/list.o
 .debug_macro   0x0000000000016d7f      0x27a Middlewares/Third_Party/FreeRTOS/Source/tasks.o
 .debug_macro   0x0000000000016ff9       0x10 Middlewares/Third_Party/FreeRTOS/Source/tasks.o
 .debug_macro   0x0000000000017009      0x13c Middlewares/Third_Party/FreeRTOS/Source/portable/GCC/ARM_CM0/port.o

.debug_line     0x0000000000000000     0xe306
 .debug_line    0x0000000000000000      0x6fe Core/Src/adc.o
 .debug_line    0x00000000000006fe      0x6e5 Core/Src/can.o
 .debug_line    0x0000000000000de3      0x6ac Core/Src/dma.o
 .debug_line    0x000000000000148f      0x9a7 Core/Src/freertos.o
 .debug_line    0x0000000000001e36      0x70c Core/Src/gpio.o
 .debug_line    0x0000000000002542      0x8a1 Core/Src/main.o
 .debug_line    0x0000000000002de3      0x6b2 Core/Src/stm32f0xx_hal_msp.o
 .debug_line    0x0000000000003495      0x6e5 Core/Src/stm32f0xx_hal_timebase_tim.o
 .debug_line    0x0000000000003b7a      0x809 Core/Src/stm32f0xx_it.o
 .debug_line    0x0000000000004383      0x6d4 Core/Src/system_stm32f0xx.o
 .debug_line    0x0000000000004a57      0x7e4 Core/Src/tim.o
 .debug_line    0x000000000000523b       0x9b Core/Startup/startup_stm32f042k6tx.o
 .debug_line    0x00000000000052d6      0x867 Drivers/STM32F0xx_HAL_Driver/Src/stm32f0xx_hal.o
 .debug_line    0x0000000000005b3d      0xc44 Drivers/STM32F0xx_HAL_Driver/Src/stm32f0xx_hal_adc.o
 .debug_line    0x0000000000006781      0xb4e Drivers/STM32F0xx_HAL_Driver/Src/stm32f0xx_hal_can.o
 .debug_line    0x00000000000072cf      0x87f Drivers/STM32F0xx_HAL_Driver/Src/stm32f0xx_hal_cortex.o
 .debug_line    0x0000000000007b4e      0x8c5 Drivers/STM32F0xx_HAL_Driver/Src/stm32f0xx_hal_dma.o
 .debug_line    0x0000000000008413      0x819 Drivers/STM32F0xx_HAL_Driver/Src/stm32f0xx_hal_gpio.o
 .debug_line    0x0000000000008c2c      0x954 Drivers/STM32F0xx_HAL_Driver/Src/stm32f0xx_hal_rcc.o
 .debug_line    0x0000000000009580     0x1a1c Drivers/STM32F0xx_HAL_Driver/Src/stm32f0xx_hal_tim.o
 .debug_line    0x000000000000af9c      0xcae Drivers/STM32F0xx_HAL_Driver/Src/stm32f0xx_hal_tim_ex.o
 .debug_line    0x000000000000bc4a      0xc52 Middlewares/Third_Party/FreeRTOS/Source/CMSIS_RTOS/cmsis_os.o
 .debug_line    0x000000000000c89c      0x66b Middlewares/Third_Party/FreeRTOS/Source/list.o
 .debug_line    0x000000000000cf07      0xe38 Middlewares/Third_Party/FreeRTOS/Source/tasks.o
 .debug_line    0x000000000000dd3f      0x5c7 Middlewares/Third_Party/FreeRTOS/Source/portable/GCC/ARM_CM0/port.o

.debug_str      0x0000000000000000    0x80ac7
 .debug_str     0x0000000000000000    0x72875 Core/Src/adc.o
                                      0x72abb (size before relaxing)
 .debug_str     0x0000000000072875      0x267 Core/Src/can.o
                                      0x729b2 (size before relaxing)
 .debug_str     0x0000000000072adc      0x162 Core/Src/dma.o
                                      0x727e4 (size before relaxing)
 .debug_str     0x0000000000072c3e     0x91b6 Core/Src/freertos.o
                                      0x7baa8 (size before relaxing)
 .debug_str     0x000000000007bdf4       0x50 Core/Src/gpio.o
                                      0x726f9 (size before relaxing)
 .debug_str     0x000000000007be44      0x17a Core/Src/main.o
                                      0x784eb (size before relaxing)
 .debug_str     0x000000000007bfbe       0x2c Core/Src/stm32f0xx_hal_msp.o
                                      0x727e9 (size before relaxing)
 .debug_str     0x000000000007bfea       0xab Core/Src/stm32f0xx_hal_timebase_tim.o
                                      0x729bd (size before relaxing)
 .debug_str     0x000000000007c095       0x6c Core/Src/stm32f0xx_it.o
                                      0x760e8 (size before relaxing)
 .debug_str     0x000000000007c101       0x5f Core/Src/system_stm32f0xx.o
                                      0x723ac (size before relaxing)
 .debug_str     0x000000000007c160      0x26c Core/Src/tim.o
                                      0x72ebc (size before relaxing)
 .debug_str     0x000000000007c3cc       0x36 Core/Startup/startup_stm32f042k6tx.o
                                         0x67 (size before relaxing)
 .debug_str     0x000000000007c402      0x351 Drivers/STM32F0xx_HAL_Driver/Src/stm32f0xx_hal.o
                                      0x728d6 (size before relaxing)
 .debug_str     0x000000000007c753      0x37f Drivers/STM32F0xx_HAL_Driver/Src/stm32f0xx_hal_adc.o
                                      0x72aac (size before relaxing)
 .debug_str     0x000000000007cad2      0x56e Drivers/STM32F0xx_HAL_Driver/Src/stm32f0xx_hal_can.o
                                      0x72b9d (size before relaxing)
 .debug_str     0x000000000007d040      0x1e5 Drivers/STM32F0xx_HAL_Driver/Src/stm32f0xx_hal_cortex.o
                                      0x7278a (size before relaxing)
 .debug_str     0x000000000007d225      0x24d Drivers/STM32F0xx_HAL_Driver/Src/stm32f0xx_hal_dma.o
                                      0x72784 (size before relaxing)
 .debug_str     0x000000000007d472      0x208 Drivers/STM32F0xx_HAL_Driver/Src/stm32f0xx_hal_gpio.o
                                      0x72648 (size before relaxing)
 .debug_str     0x000000000007d67a      0x24a Drivers/STM32F0xx_HAL_Driver/Src/stm32f0xx_hal_rcc.o
                                      0x727c1 (size before relaxing)
 .debug_str     0x000000000007d8c4      0xc81 Drivers/STM32F0xx_HAL_Driver/Src/stm32f0xx_hal_tim.o
                                      0x735a5 (size before relaxing)
 .debug_str     0x000000000007e545      0x52f Drivers/STM32F0xx_HAL_Driver/Src/stm32f0xx_hal_tim_ex.o
                                      0x72d59 (size before relaxing)
 .debug_str     0x000000000007ea74      0x87d Middlewares/Third_Party/FreeRTOS/Source/CMSIS_RTOS/cmsis_os.o
                                       0xd389 (size before relaxing)
 .debug_str     0x000000000007f2f1      0x225 Middlewares/Third_Party/FreeRTOS/Source/list.o
                                       0xa12a (size before relaxing)
 .debug_str     0x000000000007f516     0x1129 Middlewares/Third_Party/FreeRTOS/Source/tasks.o
                                       0xc131 (size before relaxing)
 .debug_str     0x000000000008063f      0x488 Middlewares/Third_Party/FreeRTOS/Source/portable/GCC/ARM_CM0/port.o
                                       0x7a58 (size before relaxing)

.comment        0x0000000000000000       0x7b
 .comment       0x0000000000000000       0x7b Core/Src/adc.o
                                         0x7c (size before relaxing)
 .comment       0x000000000000007b       0x7c Core/Src/can.o
 .comment       0x000000000000007b       0x7c Core/Src/dma.o
 .comment       0x000000000000007b       0x7c Core/Src/freertos.o
 .comment       0x000000000000007b       0x7c Core/Src/gpio.o
 .comment       0x000000000000007b       0x7c Core/Src/main.o
 .comment       0x000000000000007b       0x7c Core/Src/stm32f0xx_hal_msp.o
 .comment       0x000000000000007b       0x7c Core/Src/stm32f0xx_hal_timebase_tim.o
 .comment       0x000000000000007b       0x7c Core/Src/stm32f0xx_it.o
 .comment       0x000000000000007b       0x7c Core/Src/system_stm32f0xx.o
 .comment       0x000000000000007b       0x7c Core/Src/tim.o
 .comment       0x000000000000007b       0x7c Drivers/STM32F0xx_HAL_Driver/Src/stm32f0xx_hal.o
 .comment       0x000000000000007b       0x7c Drivers/STM32F0xx_HAL_Driver/Src/stm32f0xx_hal_adc.o
 .comment       0x000000000000007b       0x7c Drivers/STM32F0xx_HAL_Driver/Src/stm32f0xx_hal_can.o
 .comment       0x000000000000007b       0x7c Drivers/STM32F0xx_HAL_Driver/Src/stm32f0xx_hal_cortex.o
 .comment       0x000000000000007b       0x7c Drivers/STM32F0xx_HAL_Driver/Src/stm32f0xx_hal_dma.o
 .comment       0x000000000000007b       0x7c Drivers/STM32F0xx_HAL_Driver/Src/stm32f0xx_hal_gpio.o
 .comment       0x000000000000007b       0x7c Drivers/STM32F0xx_HAL_Driver/Src/stm32f0xx_hal_rcc.o
 .comment       0x000000000000007b       0x7c Drivers/STM32F0xx_HAL_Driver/Src/stm32f0xx_hal_tim.o
 .comment       0x000000000000007b       0x7c Drivers/STM32F0xx_HAL_Driver/Src/stm32f0xx_hal_tim_ex.o
 .comment       0x000000000000007b       0x7c Middlewares/Third_Party/FreeRTOS/Source/CMSIS_RTOS/cmsis_os.o
 .comment       0x000000000000007b       0x7c Middlewares/Third_Party/FreeRTOS/Source/list.o
 .comment       0x000000000000007b       0x7c Middlewares/Third_Party/FreeRTOS/Source/tasks.o
 .comment       0x000000000000007b       0x7c Middlewares/Third_Party/FreeRTOS/Source/portable/GCC/ARM_CM0/port.o

.debug_frame    0x0000000000000000     0x3964
 .debug_frame   0x0000000000000000       0x70 Core/Src/adc.o
 .debug_frame   0x0000000000000070       0x6c Core/Src/can.o
 .debug_frame   0x00000000000000dc       0x30 Core/Src/dma.o
 .debug_frame   0x000000000000010c       0x94 Core/Src/freertos.o
 .debug_frame   0x00000000000001a0       0x70 Core/Src/gpio.o
 .debug_frame   0x0000000000000210       0x88 Core/Src/main.o
 .debug_frame   0x0000000000000298       0x30 Core/Src/stm32f0xx_hal_msp.o
 .debug_frame   0x00000000000002c8       0x68 Core/Src/stm32f0xx_hal_timebase_tim.o
 .debug_frame   0x0000000000000330       0x9c Core/Src/stm32f0xx_it.o
 .debug_frame   0x00000000000003cc       0x4c Core/Src/system_stm32f0xx.o
 .debug_frame   0x0000000000000418      0x144 Core/Src/tim.o
 .debug_frame   0x000000000000055c      0x2a4 Drivers/STM32F0xx_HAL_Driver/Src/stm32f0xx_hal.o
 .debug_frame   0x0000000000000800      0x3a0 Drivers/STM32F0xx_HAL_Driver/Src/stm32f0xx_hal_adc.o
 .debug_frame   0x0000000000000ba0      0x490 Drivers/STM32F0xx_HAL_Driver/Src/stm32f0xx_hal_can.o
 .debug_frame   0x0000000000001030      0x2a0 Drivers/STM32F0xx_HAL_Driver/Src/stm32f0xx_hal_cortex.o
 .debug_frame   0x00000000000012d0      0x1d0 Drivers/STM32F0xx_HAL_Driver/Src/stm32f0xx_hal_dma.o
 .debug_frame   0x00000000000014a0      0x110 Drivers/STM32F0xx_HAL_Driver/Src/stm32f0xx_hal_gpio.o
 .debug_frame   0x00000000000015b0      0x198 Drivers/STM32F0xx_HAL_Driver/Src/stm32f0xx_hal_rcc.o
 .debug_frame   0x0000000000001748      0xe90 Drivers/STM32F0xx_HAL_Driver/Src/stm32f0xx_hal_tim.o
 .debug_frame   0x00000000000025d8      0x4f0 Drivers/STM32F0xx_HAL_Driver/Src/stm32f0xx_hal_tim_ex.o
 .debug_frame   0x0000000000002ac8      0x6d4 Middlewares/Third_Party/FreeRTOS/Source/CMSIS_RTOS/cmsis_os.o
 .debug_frame   0x000000000000319c       0xb0 Middlewares/Third_Party/FreeRTOS/Source/list.o
 .debug_frame   0x000000000000324c      0x538 Middlewares/Third_Party/FreeRTOS/Source/tasks.o
 .debug_frame   0x0000000000003784      0x174 Middlewares/Third_Party/FreeRTOS/Source/portable/GCC/ARM_CM0/port.o
 .debug_frame   0x00000000000038f8       0x2c d:/st/stm32cubeide_1.3.0/stm32cubeide/plugins/com.st.stm32cube.ide.mcu.externaltools.gnu-tools-for-stm32.7-2018-q2-update.win32_1.0.0.201904181610/tools/bin/../lib/gcc/arm-none-eabi/7.3.1/../../../../arm-none-eabi/lib/thumb/v6-m\libc_nano.a(lib_a-init.o)
 .debug_frame   0x0000000000003924       0x20 d:/st/stm32cubeide_1.3.0/stm32cubeide/plugins/com.st.stm32cube.ide.mcu.externaltools.gnu-tools-for-stm32.7-2018-q2-update.win32_1.0.0.201904181610/tools/bin/../lib/gcc/arm-none-eabi/7.3.1/../../../../arm-none-eabi/lib/thumb/v6-m\libc_nano.a(lib_a-memset.o)
 .debug_frame   0x0000000000003944       0x20 d:/st/stm32cubeide_1.3.0/stm32cubeide/plugins/com.st.stm32cube.ide.mcu.externaltools.gnu-tools-for-stm32.7-2018-q2-update.win32_1.0.0.201904181610/tools/bin/../lib/gcc/arm-none-eabi/7.3.1/thumb/v6-m\libgcc.a(_udivsi3.o)
